// Jest Snapshot v1, https://goo.gl/fbAQLP

exports[`auth tests should be able to get a list or booking fields 1`] = `
[
  "propertyId",
  "startDate",
  "endDate",
  "rateId",
  "categoryId",
  "adults",
  "children",
  "infants",
]
`;

exports[`auth tests should be able to translate a booking 1`] = `
{
  "adults": 1,
  "agent": null,
  "allDay": false,
  "bookingDate": "2023-06-24 05:04:20",
  "bookingId": "215718",
  "cancelPolicy": null,
  "cancellable": true,
  "categoryId": 1,
  "children": 0,
  "desk": null,
  "editable": true,
  "end": "2023-06-24 23:59:59",
  "endDate": "2023-06-24 23:59:59",
  "holder": {
    "emailAddress": "",
    "fullName": "Vic Mann",
    "name": "Vic",
    "phoneNumber": "",
    "surname": "Mann",
  },
  "id": "215718",
  "infants": 0,
  "notes": "",
  "optionId": null,
  "optionName": null,
  "orderId": "215718",
  "pickupHotel": null,
  "pickupHotelRoom": null,
  "pickupPoint": null,
  "pickupPointId": null,
  "pickupRequested": null,
  "price": {
    "currency": null,
    "currencyPrecision": null,
    "net": null,
    "original": null,
    "retail": null,
  },
  "privateUrl": null,
  "productId": null,
  "productName": null,
  "propertyId": 1,
  "publicUrl": null,
  "rateId": 1159,
  "resellerReference": "",
  "start": "2023-06-23 00:00:00",
  "startDate": "2023-06-23 00:00:00",
  "status": "Unconfirmed",
  "supplierBookingId": "215718",
  "unitItems": [],
}
`;
